// Vitest Snapshot v1, https://vitest.dev/guide/snapshot.html

exports[`throw if node.error is not null 1`] = `
"Sequence items must not have preceding content on the same line
1 | a:·-·123¶
  |    ^^^^^"
`;
