// Vitest Snapshot v1, https://vitest.dev/guide/snapshot.html

exports[`"- &123 hi\\n- *123  " 1`] = `
alias (2:3 ~ 2:7)
1 | -·&123·hi¶
2 | -·*123··¶
  |   ^^^^
<alias value="123" />
`;

exports[`An alias node must not specify any properties 1`] = `
"An alias node must not specify any properties
1 | -·&123·hi¶
2 | -·!!tag·&anchor·*123··¶
  |   ^^^^^^^^^^^^^^^^^^^^"
`;
