// Vitest Snapshot v1, https://vitest.dev/guide/snapshot.html

exports[`"  !!str &anchor \\n  # comment  \\n|\\n  123\\n  456\\n\\n\\n" 1`] = `
blockLiteral (3:1 ~ 6:1)
1 | ··!!str·&anchor·¶
2 | ··#·comment··¶
3 | |¶
  | ^^
4 | ··123¶
  | ^^^^^^
5 | ··456¶
  | ^^^^^^
6 | ¶
  | ^
7 | ¶
8 | ¶
<blockLiteral chomping="clip" indent=null value="123\\n456\\n">
  <tag value="tag:yaml.org,2002:str" />
  <anchor value="anchor" />
  <middleComment value=" comment  ">
</blockLiteral>
`;

exports[`"  !!str &anchor \\n  # comment  \\n|\\n  123\\n  456\\n\\n\\n" 2`] = `
comment (2:3 ~ 2:14)
1 | ··!!str·&anchor·¶
2 | ··#·comment··¶
  |   ^^^^^^^^^^^
3 | |¶
4 | ··123¶
5 | ··456¶
6 | ¶
7 | ¶
8 | ¶
<comment value=" comment  " />
`;

exports[`"!!str\\n#middleComment\\n| #indicatorComment\\n value" 1`] = `
blockLiteral (3:1 ~ 4:7)
1 | !!str¶
2 | #middleComment¶
3 | |·#indicatorComment¶
  | ^^^^^^^^^^^^^^^^^^^^
4 | ·value¶
  | ^^^^^^
<blockLiteral chomping="clip" indent=null value="value\\n">
  <tag value="tag:yaml.org,2002:str" />
  <middleComment value="middleComment">
  <indicatorComment value="indicatorComment">
</blockLiteral>
`;

exports[`"| # hello \\n  123\\n  456\\n\\n\\n" 1`] = `
root (1:1 ~ 6:1)
1 | |·#·hello·¶
  | ^^^^^^^^^^^
2 | ··123¶
  | ^^^^^^
3 | ··456¶
  | ^^^^^^
4 | ¶
  | ^
5 | ¶
  | ^
6 | ¶
  | ^
<root>
  <document>
    <documentHead>

    </documentHead>
    <documentBody>
      <blockLiteral chomping="clip" indent=null value="123\\n456\\n">
        <indicatorComment value=" hello ">
      </blockLiteral>
    </documentBody>
  </document>
</root>
`;

exports[`"| # hello\\n" 1`] = `
root (1:1 ~ 2:1)
1 | |·#·hello¶
  | ^^^^^^^^^^
2 | ¶
  | ^
<root>
  <document>
    <documentHead>

    </documentHead>
    <documentBody>
      <blockLiteral chomping="clip" indent=null value="">
        <indicatorComment value=" hello">
      </blockLiteral>
    </documentBody>
  </document>
</root>
`;

exports[`"|+\\n  123\\n  456\\n\\n\\n" 1`] = `
blockLiteral (1:1 ~ 6:1)
1 | |+¶
  | ^^^
2 | ··123¶
  | ^^^^^^
3 | ··456¶
  | ^^^^^^
4 | ¶
  | ^
5 | ¶
  | ^
6 | ¶
  | ^
<blockLiteral chomping="keep" indent=null value="123\\n456\\n\\n\\n" />
`;

exports[`"|\\n  123\\n  456\\n\\n\\n" 1`] = `
blockLiteral (1:1 ~ 4:1)
1 | |¶
  | ^^
2 | ··123¶
  | ^^^^^^
3 | ··456¶
  | ^^^^^^
4 | ¶
  | ^
5 | ¶
6 | ¶
<blockLiteral chomping="clip" indent=null value="123\\n456\\n" />
`;

exports[`"|-\\n  123\\n  456\\n\\n\\n" 1`] = `
blockLiteral (1:1 ~ 4:1)
1 | |-¶
  | ^^^
2 | ··123¶
  | ^^^^^^
3 | ··456¶
  | ^^^^^^
4 | ¶
  | ^
5 | ¶
6 | ¶
<blockLiteral chomping="strip" indent=null value="123\\n456" />
`;

exports[`"|1+\\n  123\\n  456\\n\\n\\n" 1`] = `
blockLiteral (1:1 ~ 6:1)
1 | |1+¶
  | ^^^^
2 | ··123¶
  | ^^^^^^
3 | ··456¶
  | ^^^^^^
4 | ¶
  | ^
5 | ¶
  | ^
6 | ¶
  | ^
<blockLiteral chomping="keep" indent=1 value="  123\\n  456\\n\\n\\n" />
`;

exports[`"|1\\n  123\\n  456\\n\\n\\n" 1`] = `
blockLiteral (1:1 ~ 4:1)
1 | |1¶
  | ^^^
2 | ··123¶
  | ^^^^^^
3 | ··456¶
  | ^^^^^^
4 | ¶
  | ^
5 | ¶
6 | ¶
<blockLiteral chomping="clip" indent=1 value="  123\\n  456\\n" />
`;

exports[`"|1-\\n  123\\n  456\\n\\n\\n" 1`] = `
blockLiteral (1:1 ~ 4:1)
1 | |1-¶
  | ^^^^
2 | ··123¶
  | ^^^^^^
3 | ··456¶
  | ^^^^^^
4 | ¶
  | ^
5 | ¶
6 | ¶
<blockLiteral chomping="strip" indent=1 value="  123\\n  456" />
`;
