// Vitest Snapshot v1, https://vitest.dev/guide/snapshot.html

exports[`"%TEST aaa bbb\\n---\\n" 1`] = `
directive (1:1 ~ 1:14)
1 | %TEST·aaa·bbb¶
  | ^^^^^^^^^^^^^
2 | ---¶
3 | ¶
<directive name="TEST" parameters=["aaa","bbb"] />
`;
